src/app/lib/actions/bug.ts(10,29): error TS2307: Cannot find module '@google/genai' or its corresponding type declarations.
